// Jest Snapshot v1, https://goo.gl/fbAQLP

exports[`page renders correctly 1`] = `
<div
  className="App"
>
  <header
    className="App-header"
  >
<<<<<<< HEAD
    <h3>
      Fetch a Pokemon
    </h3>
=======
    <img
      alt="pokemon-logo"
      src="pokemon_logo.svg"
      width="500px"
    />
    <br />
>>>>>>> main
    <br />
    <button
      className="StyledButton"
      onClick={[Function]}
    >
      Fetch Pokemon
    </button>
  </header>
</div>
`;
